// Jest Snapshot v1, https://goo.gl/fbAQLP

exports[`<PostCard /> should match snapshot 1`] = `
<div
  class="sc-bczRLJ ixKPMO"
>
  <div
    class="sc-gsnTZi eQKhJm"
  >
    <img
      alt="title1"
      class="sc-eCYdqJ gNiPgP"
      src="img/img.png"
    />
    <h2
      class="sc-dkzDqf lhODJe"
    >
      title1
    </h2>
    <p
      class="sc-hKMtZM"
    >
      Lorem ipsum dolor sit amet, consectetur adipiscing elit.
    </p>
  </div>
</div>
`;
